components/BlogCard.tsx(3,30): error TS2307: Cannot find module '@/lib/contentful-loader' or its corresponding type declarations.
lib/posts.ts(1,8): error TS2613: Module '"C:/Workspace/thecryptostartblog/lib/prisma"' has no default export. Did you mean to use 'import { prisma } from "C:/Workspace/thecryptostartblog/lib/prisma"' instead?
lib/posts.ts(240,22): error TS7006: Parameter 'p' implicitly has an 'any' type.
lib/posts.ts(251,27): error TS7006: Parameter 'cat' implicitly has an 'any' type.
